{
  "failure_groups": [
    {
      "issue_type": "unauthorized",
      "title": "AUTHENTICATION REQUIRED",
      "reason": "The last sync attempt for this account was rejected by OneDrive.",
      "action": "Run 'onedrive-go whoami' to re-check access, or 'onedrive-go login' to sign in again.",
      "scope": "your OneDrive account authorization",
      "count": 1,
      "paths": []
    },
    {
      "issue_type": "shared_folder_write_blocked",
      "title": "SHARED FOLDER WRITES BLOCKED",
      "reason": "This shared folder is read-only for your current write attempts. Downloads continue normally.",
      "action": "Remove or ignore local write changes here, or ask the owner for edit permissions if the write was intended.",
      "scope": "Shared/Docs",
      "count": 2,
      "paths": [
        "/Shared/Docs/a.txt",
        "/Shared/Docs/b.txt"
      ]
    },
    {
      "issue_type": "invalid_filename",
      "title": "INVALID FILENAME",
      "reason": "The filename contains characters not allowed by OneDrive.",
      "action": "Rename the file to remove invalid characters.",
      "count": 2,
      "paths": [
        "docs/CON",
        "docs/NUL.txt"
      ]
    }
  ],
  "held_deletes": [
    {
      "path": "/archive/old-a.txt",
      "last_seen_at": "2026-04-03T09:00:00Z"
    },
    {
      "path": "/archive/old-b.txt",
      "last_seen_at": "2026-04-03T09:05:00Z"
    }
  ]
}
