{
  "accounts": [
    {
      "email": "alice@example.com",
      "drive_type": "personal",
      "auth_state": "ready",
      "display_name": "Alice Example",
      "org_name": "Contoso",
      "drives": [
        {
          "canonical_id": "personal:alice@example.com",
          "display_name": "Alice Personal",
          "sync_dir": "/Users/alice/OneDrive",
          "state": "ready",
          "sync_state": {
            "last_sync_time": "2026-04-03T10:30:00Z",
            "last_sync_duration": "1500",
            "file_count": 42,
            "issue_count": 3,
            "remote_drift": 2,
            "retrying": 1,
            "last_error": "sync: network timeout",
            "issue_groups": [
              {
                "summary_key": "invalid_filename",
                "issue_type": "invalid_filename",
                "title": "INVALID FILENAME",
                "reason": "The filename contains characters not allowed by OneDrive.",
                "action": "Rename the file to remove invalid characters.",
                "count": 1,
                "paths": [
                  "/invalid:name.txt"
                ]
              },
              {
                "summary_key": "authentication_required",
                "issue_type": "unauthorized",
                "title": "AUTHENTICATION REQUIRED",
                "reason": "The last sync attempt for this account was rejected by OneDrive.",
                "action": "Run 'onedrive-go status' to re-check access, or 'onedrive-go login' to sign in again.",
                "scope_kind": "account",
                "scope": "your OneDrive account authorization",
                "count": 1,
                "paths": null
              },
              {
                "summary_key": "remote_write_denied",
                "issue_type": "remote_write_denied",
                "title": "SHARED FOLDER WRITES BLOCKED",
                "reason": "This shared folder is read-only for your current write attempts. Downloads continue normally.",
                "action": "Remove or ignore local write changes here, or ask the owner for edit permissions if the write was intended.",
                "scope_kind": "directory",
                "scope": "Shared/Docs",
                "count": 1,
                "paths": [
                  "Shared/Docs/report.docx"
                ]
              }
            ],
            "examples_limit": 5,
            "verbose": false
          }
        }
      ]
    },
    {
      "email": "bob@example.com",
      "drive_type": "business",
      "auth_state": "authentication_required",
      "auth_reason": "invalid_saved_login",
      "auth_action": "Run 'onedrive-go login' to sign in.",
      "drives": [
        {
          "canonical_id": "business:bob@example.com",
          "display_name": "Bob Work",
          "sync_dir": "/Users/bob/WorkDrive",
          "state": "paused"
        }
      ]
    }
  ],
  "summary": {
    "total_drives": 2,
    "ready": 1,
    "paused": 1,
    "accounts_requiring_auth": 1,
    "total_issues": 3,
    "total_remote_drift": 2,
    "total_retrying": 1
  }
}
