{
  "accounts": [
    {
      "email": "alice@example.com",
      "display_name": "Alice Example",
      "org_name": "Contoso",
      "drives": [
        {
          "kind": "personal_onedrive",
          "name": "Alice Example's personal OneDrive",
          "folder": "/Users/alice/OneDrive",
          "state": "issues",
          "sync_state": {
            "file_count": 42,
            "issue_count": 3,
            "remote_changes": 2,
            "retrying": 1,
            "issues": [
              {
                "type": "invalid_filename",
                "title": "Invalid filename",
                "reason": "The filename contains characters not allowed by OneDrive.",
                "action": "Rename the file to remove invalid characters.",
                "count": 1,
                "paths": [
                  "/invalid:name.txt"
                ]
              },
              {
                "type": "unauthorized",
                "title": "Sign-in required",
                "reason": "The last sync attempt for this account was rejected by OneDrive.",
                "action": "Run 'onedrive-go status' to re-check access, or 'onedrive-go login' to sign in again.",
                "scope_kind": "account",
                "scope": "your OneDrive account authorization",
                "count": 1
              },
              {
                "type": "remote_write_denied",
                "title": "Shared folder writes blocked",
                "reason": "This shared folder is read-only for your current write attempts. Downloads continue normally.",
                "action": "Remove or ignore local write changes here, or ask the owner for edit permissions if the write was intended.",
                "scope_kind": "directory",
                "scope": "Shared/Docs",
                "count": 1,
                "paths": [
                  "Shared/Docs/report.docx"
                ]
              }
            ],
            "examples_limit": 5
          }
        }
      ]
    },
    {
      "email": "bob@example.com",
      "display_name": "Bob Example",
      "org_name": "Example Corp",
      "sign_in_required": {
        "reason": "The saved login for this account is invalid or unreadable.",
        "action": "Run 'onedrive-go login' to sign in."
      },
      "drives": [
        {
          "kind": "business_onedrive",
          "name": "OneDrive - Example Corp",
          "folder": "/Users/bob/WorkDrive",
          "state": "paused"
        }
      ]
    }
  ],
  "summary": {
    "total_drives": 2,
    "paused": 1,
    "with_issues": 1,
    "accounts_requiring_sign_in": 1,
    "total_issues": 3,
    "total_remote_changes": 2,
    "total_retrying": 1
  }
}
